0 1 4 9 16 
32 18 8 2 0
0 0 1 1 2 4 3 9 4 16
0
99 0 1 4 9 16 
1
99 0 100 1 4 9 16
1
4
32 18 8 2 99 0
5
32 18 8 2 99 0 100
5
99 0 49 100 50 1 4 9 16
3
