0 1 4 9 16 
16 9 4 1 0
1 4 9 16 
4 9 16 
9 16 
16 

16 9 4 1
16 9 4
16 9
16

0 1 4 9 16 
16 9 4 1 0
-1
0 1 9 16 
9 4 1 0
9 4 1
